cs
Microsoft Windows [Version 10.0.19045.2193]
(c) Microsoft Corporation. All rights reserved.

C:\Users\Poli>git --version
git version 2.39.0.windows.1

C:\Users\Poli>mkdir project1

C:\Users\Poli>cd project1

C:\Users\Poli\project1>echo "test" index.html
"test" index.html

C:\Users\Poli\project1>dir
 Volume in drive C has no label.
 Volume Serial Number is 1A75-589D

 Directory of C:\Users\Poli\project1

15-Dec-22  10:22    <DIR>          .
15-Dec-22  10:22    <DIR>          ..
               0 File(s)              0 bytes
               2 Dir(s)  57,104,683,008 bytes free

C:\Users\Poli\project1>git init
Initialized empty Git repository in C:/Users/Poli/project1/.git/

C:\Users\Poli\project1>git config --global user.email "nikofficial2050@gmail.com"

C:\Users\Poli\project1>git config --global user.name "Shiki2050"

C:\Users\Poli\project1>git status
On branch master

No commits yet

Untracked files:
  (use "git add <file>..." to include in what will be committed)
        test.txt

nothing added to commit but untracked files present (use "git add" to track)

C:\Users\Poli\project1>git add .

C:\Users\Poli\project1>git status
On branch master

No commits yet

Changes to be committed:
  (use "git rm --cached <file>..." to unstage)
        new file:   test.txt


C:\Users\Poli\project1>git commit -m "first commit"
[master (root-commit) bdbbf81] first commit
 1 file changed, 0 insertions(+), 0 deletions(-)
 create mode 100644 test.txt

C:\Users\Poli\project1>git remote add origin https://github.com/Shiki2050/project1.git

C:\Users\Poli\project1>git push
fatal: The current branch master has no upstream branch.
To push the current branch and set the remote as upstream, use

    git push --set-upstream origin master

To have this happen automatically for branches without a tracking
upstream, see 'push.autoSetupRemote' in 'git help config'.


C:\Users\Poli\project1>git push --set-upstream origin master
warning: could not find UI helper 'GitHub.UI'
Select an authentication method for 'https://github.com/':
  1. Web browser (default)
  2. Device code
  3. Personal access token
option (enter for default): 1
info: please complete authentication in your browser...
Enumerating objects: 3, done.
Counting objects: 100% (3/3), done.
Writing objects: 100% (3/3), 211 bytes | 211.00 KiB/s, done.
Total 3 (delta 0), reused 0 (delta 0), pack-reused 0
To https://github.com/Shiki2050/project1.git
 * [new branch]      master -> master
branch 'master' set up to track 'origin/master'.

C:\Users\Poli\project1>